// Jest Snapshot v1, https://goo.gl/fbAQLP

exports[`renders ProjectElaboration 1`] = `
<ProjectElaboration
  activeConversation={
    Array [
      Object {
        "message": Object {
          "quick_replies": Array [],
          "text": "message",
        },
      },
    ]
  }
/>
`;
