// Jest Snapshot v1, https://goo.gl/fbAQLP

exports[`renders the RichTextContent component 1`] = `
<StyledParagraph
  dangerouslySetInnerHTML={
    Object {
      "__html": "Some text with a <a href=\\"https://google.com\\">link</a>.",
    }
  }
/>
`;
