// Jest Snapshot v1, https://goo.gl/fbAQLP

exports[`renders Conversation 1`] = `
<Conversation
  activeConversation={
    Array [
      Object {
        "answer": Object {
          "payload": "6843531-515-56465",
          "text": "response",
        },
        "message": Object {
          "image_url": "url",
          "quick_replies": Array [],
          "text": "message",
        },
      },
    ]
  }
  labelWithColon={[Function]}
  rawTranslate={[Function]}
  translate={[Function]}
/>
`;
