// Jest Snapshot v1, https://goo.gl/fbAQLP

exports[`renders ProjectDetails 1`] = `
<InjectTranslate(ProjectDetails)
  details={
    Object {
      "id": "1",
      "name": "project1",
      "trade": "test",
    }
  }
/>
`;
