// Jest Snapshot v1, https://goo.gl/fbAQLP

exports[`renders MenuAccount 1`] = `
ShallowWrapper {
  "complexSelector": ComplexSelector {
    "buildPredicate": [Function],
    "childrenOfNode": [Function],
    "findWhereUnwrapped": [Function],
  },
  "length": 1,
  "node": <AccountMenu
    logout={[Function]}
/>,
  "nodes": Array [
    <AccountMenu
      logout={[Function]}
/>,
  ],
  "options": Object {},
  "renderer": ReactShallowRenderer {
    "_instance": ShallowComponentWrapper {
      "_calledComponentWillUnmount": false,
      "_compositeType": 0,
      "_context": Object {},
      "_currentElement": <IntlProvider
        locale="en"
        messages={Object {}}
>
        <AccountMenu
                logout={[Function]}
        />
</IntlProvider>,
      "_debugID": 1,
      "_hostContainerInfo": null,
      "_hostParent": null,
      "_instance": IntlProvider {
        "_reactInternalInstance": [Circular],
        "context": Object {
          "intl": undefined,
        },
        "props": Object {
          "children": <AccountMenu
            logout={[Function]}
/>,
          "locale": "en",
          "messages": Object {},
        },
        "refs": Object {},
        "state": Object {
          "getDateTimeFormat": [Function],
          "getMessageFormat": [Function],
          "getNumberFormat": [Function],
          "getPluralFormat": [Function],
          "getRelativeFormat": [Function],
          "now": [Function],
        },
        "updater": Object {
          "enqueueCallback": [Function],
          "enqueueCallbackInternal": [Function],
          "enqueueElementInternal": [Function],
          "enqueueForceUpdate": [Function],
          "enqueueReplaceState": [Function],
          "enqueueSetState": [Function],
          "isMounted": [Function],
          "validateCallback": [Function],
        },
      },
      "_mountOrder": 1,
      "_pendingCallbacks": null,
      "_pendingElement": null,
      "_pendingForceUpdate": false,
      "_pendingReplaceState": false,
      "_pendingStateQueue": null,
      "_renderedComponent": NoopInternalComponent {
        "_currentElement": <AccountMenu
          logout={[Function]}
/>,
        "_debugID": 2,
        "_renderedOutput": <AccountMenu
          logout={[Function]}
/>,
      },
      "_renderedNodeType": 1,
      "_rootNodeID": 0,
      "_topLevelWrapper": null,
      "_updateBatchNumber": null,
      "_warnedAboutRefsInRender": false,
    },
    "getRenderOutput": [Function],
    "render": [Function],
  },
  "root": [Circular],
  "unrendered": <IntlProvider
    locale="en"
    messages={Object {}}
>
    <AccountMenu
        logout={[Function]}
    />
</IntlProvider>,
}
`;
