exports[`test renders 1`] = `
ShallowWrapper {
  "complexSelector": ComplexSelector {
    "buildPredicate": [Function],
    "childrenOfNode": [Function],
    "findWhereUnwrapped": [Function],
  },
  "length": 1,
  "node": <Mock
    footer={<Mock />}
    header={<Mock />}>
    <FormattedMessage
        id="project.validation_page"
        tagName="p"
        values={Object {}} />
    <Mock />
</Mock>,
  "nodes": Array [
    <Mock
      footer={<Mock />}
      header={<Mock />}>
      <FormattedMessage
            id="project.validation_page"
            tagName="p"
            values={Object {}} />
      <Mock />
</Mock>,
  ],
  "options": Object {},
  "renderer": ReactShallowRenderer {
    "_instance":  {
      "_calledComponentWillUnmount": false,
      "_compositeType": 2,
      "_context": Object {},
      "_currentElement": <ProjectSubmitPage />,
      "_debugID": 1,
      "_hostContainerInfo": null,
      "_hostParent": null,
      "_instance": StatelessComponent {
        "_reactInternalInstance": [Circular],
        "context": Object {},
        "props": Object {},
        "refs": Object {},
        "state": null,
        "updater": Object {
          "enqueueCallback": [Function],
          "enqueueCallbackInternal": [Function],
          "enqueueElementInternal": [Function],
          "enqueueForceUpdate": [Function],
          "enqueueReplaceState": [Function],
          "enqueueSetState": [Function],
          "isMounted": [Function],
          "validateCallback": [Function],
        },
      },
      "_mountOrder": 1,
      "_pendingCallbacks": null,
      "_pendingElement": null,
      "_pendingForceUpdate": false,
      "_pendingReplaceState": false,
      "_pendingStateQueue": null,
      "_renderedComponent": NoopInternalComponent {
        "_currentElement": <Mock
          footer={<Mock />}
          header={<Mock />}>
          <FormattedMessage
                    id="project.validation_page"
                    tagName="p"
                    values={Object {}} />
          <Mock />
</Mock>,
        "_debugID": 2,
        "_renderedOutput": <Mock
          footer={<Mock />}
          header={<Mock />}>
          <FormattedMessage
                    id="project.validation_page"
                    tagName="p"
                    values={Object {}} />
          <Mock />
</Mock>,
      },
      "_renderedNodeType": 1,
      "_rootNodeID": 0,
      "_topLevelWrapper": null,
      "_updateBatchNumber": null,
      "_warnedAboutRefsInRender": false,
    },
    "getRenderOutput": [Function],
    "render": [Function],
  },
  "root": [Circular],
  "unrendered": <ProjectSubmitPage />,
}
`;
