// Jest Snapshot v1, https://goo.gl/fbAQLP

exports[`renders PopinMenuButton 1`] = `
<StyledButton
  onClick={[Function]}
  type="button"
>
  Test
</StyledButton>
`;
