// Jest Snapshot v1, https://goo.gl/fbAQLP

exports[`renders 1`] = `
<Layout>
  <MainWrapper
    paddingTop="m"
  >
    <Connect(ProjectsContainer) />
  </MainWrapper>
</Layout>
`;
