// Jest Snapshot v1, https://goo.gl/fbAQLP

exports[`renders SignInForm 1`] = `<InjectTranslate(SignInForm) />`;
