// Jest Snapshot v1, https://goo.gl/fbAQLP

exports[`renders the FooterSocialNetworks component 1`] = `<FooterSocialNetworks />`;
