// Jest Snapshot v1, https://goo.gl/fbAQLP

exports[`renders the Project component 1`] = `
ShallowWrapper {
  "length": 1,
  Symbol(enzyme.__root__): [Circular],
  Symbol(enzyme.__unrendered__): <IntlProvider
    locale="en"
    messages={Object {}}
  >
    <InjectTranslate(Project)
      items={
        Object {
          "createdAt": "2017-02-01",
          "name": "test",
          "reference": "test",
          "updatedAt": "2017-02-01",
        }
      }
    />
  </IntlProvider>,
  Symbol(enzyme.__renderer__): Object {
    "batchedUpdates": [Function],
    "getNode": [Function],
    "render": [Function],
    "simulateEvent": [Function],
    "unmount": [Function],
  },
  Symbol(enzyme.__node__): Object {
    "instance": null,
    "key": null,
    "nodeType": "function",
    "props": Object {
      "items": Object {
        "createdAt": "2017-02-01",
        "name": "test",
        "reference": "test",
        "updatedAt": "2017-02-01",
      },
    },
    "ref": null,
    "rendered": null,
    "type": [Function],
  },
  Symbol(enzyme.__nodes__): Array [
    Object {
      "instance": null,
      "key": null,
      "nodeType": "function",
      "props": Object {
        "items": Object {
          "createdAt": "2017-02-01",
          "name": "test",
          "reference": "test",
          "updatedAt": "2017-02-01",
        },
      },
      "ref": null,
      "rendered": null,
      "type": [Function],
    },
  ],
  Symbol(enzyme.__options__): Object {
    "adapter": ReactSixteenAdapter {
      "options": Object {
        "enableComponentDidUpdateOnSetState": true,
      },
    },
    "disableLifecycleMethods": true,
  },
}
`;
