exports[`test renders AttachmentSummary 1`] = `[Function]`;
