// Jest Snapshot v1, https://goo.gl/fbAQLP

exports[`renders Carousel 1`] = `
<Carousel
  itemProps={null}
>
  <div>
    1
  </div>
  <div>
    2
  </div>
  <div>
    3
  </div>
</Carousel>
`;
