// Jest Snapshot v1, https://goo.gl/fbAQLP

exports[`renders PageTemplate 1`] = `
<PageTemplate
  footer="footer"
  header="header"
>
  test
</PageTemplate>
`;
