// Jest Snapshot v1, https://goo.gl/fbAQLP

exports[`renders HomePage 1`] = `<InjectTranslate(HomePage) />`;
