exports[`test renders the Map component with markers 1`] = `
ShallowWrapper {
  "complexSelector": ComplexSelector {
    "buildPredicate": [Function],
    "childrenOfNode": [Function],
    "findWhereUnwrapped": [Function],
  },
  "length": 1,
  "node": <GoogleMap
    bootstrapURLKeys={
        Object {
            "key": "AIzaSyCYrFIvVAYqnWCNjjAfGIanmwxVvj1FPj8",
          }
    }
    debounced={true}
    defaultCenter={
        Object {
            "lat": 54.355481,
            "lng": -2.278986,
          }
    }
    defaultZoom={5}
    distanceToMouse={[Function]}
    googleMapLoader={[Function]}
    hoverDistance={30}
    layerTypes={Array []}
    onChildClick={undefined}
    options={[Function]}
    style={
        Object {
            "height": "300px",
            "position": "relative",
            "width": "100%",
          }
    }
    yesIWantToUseGoogleMapApiInternals={false}>
    <Mock
        lat={48.857767}
        lng={2.293604}
        title={undefined}
        trade={undefined} />
</GoogleMap>,
  "nodes": Array [
    <GoogleMap
      bootstrapURLKeys={
            Object {
                  "key": "AIzaSyCYrFIvVAYqnWCNjjAfGIanmwxVvj1FPj8",
                }
      }
      debounced={true}
      defaultCenter={
            Object {
                  "lat": 54.355481,
                  "lng": -2.278986,
                }
      }
      defaultZoom={5}
      distanceToMouse={[Function]}
      googleMapLoader={[Function]}
      hoverDistance={30}
      layerTypes={Array []}
      onChildClick={undefined}
      options={[Function]}
      style={
            Object {
                  "height": "300px",
                  "position": "relative",
                  "width": "100%",
                }
      }
      yesIWantToUseGoogleMapApiInternals={false}>
      <Mock
            lat={48.857767}
            lng={2.293604}
            title={undefined}
            trade={undefined} />
</GoogleMap>,
  ],
  "options": Object {},
  "renderer": ReactShallowRenderer {
    "_instance": ShallowComponentWrapper {
      "_calledComponentWillUnmount": false,
      "_compositeType": 0,
      "_context": Object {},
      "_currentElement": <Map
        initialCenter={
                Object {
                        "ES": Object {
                          "lat": 40.481755,
                          "lng": -3.761941,
                        },
                        "FR": Object {
                          "lat": 46.938698,
                          "lng": 2.399887,
                        },
                        "GB": Object {
                          "lat": 54.355481,
                          "lng": -2.278986,
                        },
                      }
        }
        markers={
                Array [
                        Object {
                          "position": Object {
                            "lat": 48.857767,
                            "lng": 2.293604,
                          },
                        },
                      ]
        }
        zoom={5} />,
      "_debugID": 1,
      "_hostContainerInfo": null,
      "_hostParent": null,
      "_instance": Map {
        "_reactInternalInstance": [Circular],
        "context": Object {},
        "props": Object {
          "initialCenter": Object {
            "ES": Object {
              "lat": 40.481755,
              "lng": -3.761941,
            },
            "FR": Object {
              "lat": 46.938698,
              "lng": 2.399887,
            },
            "GB": Object {
              "lat": 54.355481,
              "lng": -2.278986,
            },
          },
          "markers": Array [
            Object {
              "position": Object {
                "lat": 48.857767,
                "lng": 2.293604,
              },
            },
          ],
          "zoom": 5,
        },
        "refs": Object {},
        "state": null,
        "updater": Object {
          "enqueueCallback": [Function],
          "enqueueCallbackInternal": [Function],
          "enqueueElementInternal": [Function],
          "enqueueForceUpdate": [Function],
          "enqueueReplaceState": [Function],
          "enqueueSetState": [Function],
          "isMounted": [Function],
          "validateCallback": [Function],
        },
      },
      "_mountOrder": 1,
      "_pendingCallbacks": null,
      "_pendingElement": null,
      "_pendingForceUpdate": false,
      "_pendingReplaceState": false,
      "_pendingStateQueue": null,
      "_renderedComponent": NoopInternalComponent {
        "_currentElement": <GoogleMap
          bootstrapURLKeys={
                    Object {
                              "key": "AIzaSyCYrFIvVAYqnWCNjjAfGIanmwxVvj1FPj8",
                            }
          }
          debounced={true}
          defaultCenter={
                    Object {
                              "lat": 54.355481,
                              "lng": -2.278986,
                            }
          }
          defaultZoom={5}
          distanceToMouse={[Function]}
          googleMapLoader={[Function]}
          hoverDistance={30}
          layerTypes={Array []}
          onChildClick={undefined}
          options={[Function]}
          style={
                    Object {
                              "height": "300px",
                              "position": "relative",
                              "width": "100%",
                            }
          }
          yesIWantToUseGoogleMapApiInternals={false}>
          <Mock
                    lat={48.857767}
                    lng={2.293604}
                    title={undefined}
                    trade={undefined} />
</GoogleMap>,
        "_debugID": 2,
        "_renderedOutput": <GoogleMap
          bootstrapURLKeys={
                    Object {
                              "key": "AIzaSyCYrFIvVAYqnWCNjjAfGIanmwxVvj1FPj8",
                            }
          }
          debounced={true}
          defaultCenter={
                    Object {
                              "lat": 54.355481,
                              "lng": -2.278986,
                            }
          }
          defaultZoom={5}
          distanceToMouse={[Function]}
          googleMapLoader={[Function]}
          hoverDistance={30}
          layerTypes={Array []}
          onChildClick={undefined}
          options={[Function]}
          style={
                    Object {
                              "height": "300px",
                              "position": "relative",
                              "width": "100%",
                            }
          }
          yesIWantToUseGoogleMapApiInternals={false}>
          <Mock
                    lat={48.857767}
                    lng={2.293604}
                    title={undefined}
                    trade={undefined} />
</GoogleMap>,
      },
      "_renderedNodeType": 1,
      "_rootNodeID": 0,
      "_topLevelWrapper": null,
      "_updateBatchNumber": null,
      "_warnedAboutRefsInRender": false,
    },
    "getRenderOutput": [Function],
    "render": [Function],
  },
  "root": [Circular],
  "unrendered": <Map
    initialCenter={
        Object {
            "ES": Object {
              "lat": 40.481755,
              "lng": -3.761941,
            },
            "FR": Object {
              "lat": 46.938698,
              "lng": 2.399887,
            },
            "GB": Object {
              "lat": 54.355481,
              "lng": -2.278986,
            },
          }
    }
    markers={
        Array [
            Object {
              "position": Object {
                "lat": 48.857767,
                "lng": 2.293604,
              },
            },
          ]
    }
    zoom={5} />,
}
`;
