// Jest Snapshot v1, https://goo.gl/fbAQLP

exports[`renders the Footer component 1`] = `<Footer />`;
