// Jest Snapshot v1, https://goo.gl/fbAQLP

exports[`renders the FooterCorporate component 1`] = `<InjectTranslate(FooterCorporate) />`;
