// Jest Snapshot v1, https://goo.gl/fbAQLP

exports[`renders the HowItWorksBlock component 1`] = `
<div>
  <StyledImage />
  <Heading
    level={2}
  >
    Test
  </Heading>
</div>
`;
