exports[`test renders AttachmentGeneric 1`] = `[Function]`;
