// Jest Snapshot v1, https://goo.gl/fbAQLP

exports[`renders the Project component 1`] = `
<NoProjectYet
  items={
    Object {
      "createdAt": "2017-02-01",
      "name": "test",
      "reference": "test",
      "updatedAt": "2017-02-01",
    }
  }
/>
`;
