// Jest Snapshot v1, https://goo.gl/fbAQLP

exports[`renders the ProjectStatus component 1`] = `
<InjectTranslate(ProjectStatus)
  status="completion_in_progress"
/>
`;
