exports[`test renders the ThumbnailPoster component 1`] = `
ShallowWrapper {
  "complexSelector": ComplexSelector {
    "buildPredicate": [Function],
    "childrenOfNode": [Function],
    "findWhereUnwrapped": [Function],
  },
  "length": 1,
  "node": <styled.figure>
    <Styled(Mock)
        link="Test image" />
    <Styled(Mock)
        level={3}>
        Test
    </Styled(Mock)>
</styled.figure>,
  "nodes": Array [
    <styled.figure>
      <Styled(Mock)
            link="Test image" />
      <Styled(Mock)
            level={3}>
            Test
      </Styled(Mock)>
</styled.figure>,
  ],
  "options": Object {},
  "renderer": ReactShallowRenderer {
    "_instance": ShallowComponentWrapper {
      "_calledComponentWillUnmount": false,
      "_compositeType": 2,
      "_context": Object {},
      "_currentElement": <ThumbnailPoster
        image="Test image"
        title="Test" />,
      "_debugID": 1,
      "_hostContainerInfo": null,
      "_hostParent": null,
      "_instance": StatelessComponent {
        "_reactInternalInstance": [Circular],
        "context": Object {},
        "props": Object {
          "image": "Test image",
          "title": "Test",
        },
        "refs": Object {},
        "state": null,
        "updater": Object {
          "enqueueCallback": [Function],
          "enqueueCallbackInternal": [Function],
          "enqueueElementInternal": [Function],
          "enqueueForceUpdate": [Function],
          "enqueueReplaceState": [Function],
          "enqueueSetState": [Function],
          "isMounted": [Function],
          "validateCallback": [Function],
        },
      },
      "_mountOrder": 1,
      "_pendingCallbacks": null,
      "_pendingElement": null,
      "_pendingForceUpdate": false,
      "_pendingReplaceState": false,
      "_pendingStateQueue": null,
      "_renderedComponent": NoopInternalComponent {
        "_currentElement": <styled.figure>
          <Styled(Mock)
                    link="Test image" />
          <Styled(Mock)
                    level={3}>
                    Test
          </Styled(Mock)>
</styled.figure>,
        "_debugID": 2,
        "_renderedOutput": <styled.figure>
          <Styled(Mock)
                    link="Test image" />
          <Styled(Mock)
                    level={3}>
                    Test
          </Styled(Mock)>
</styled.figure>,
      },
      "_renderedNodeType": 1,
      "_rootNodeID": 0,
      "_topLevelWrapper": null,
      "_updateBatchNumber": null,
      "_warnedAboutRefsInRender": false,
    },
    "getRenderOutput": [Function],
    "render": [Function],
  },
  "root": [Circular],
  "unrendered": <ThumbnailPoster
    image="Test image"
    title="Test" />,
}
`;
