// Jest Snapshot v1, https://goo.gl/fbAQLP

exports[`should render ProjectElaborationLayout component 1`] = `
<Mock
  header={<Mock />}
>
  test children
</Mock>
`;
