// Jest Snapshot v1, https://goo.gl/fbAQLP

exports[`renders PopinMenu 1`] = `
ShallowWrapper {
  "length": 1,
  Symbol(enzyme.__root__): [Circular],
  Symbol(enzyme.__unrendered__): <PopinMenu
    menu={
      Array [
        "hello",
      ]
    }
  >
    Test
  </PopinMenu>,
  Symbol(enzyme.__renderer__): Object {
    "batchedUpdates": [Function],
    "getNode": [Function],
    "render": [Function],
    "simulateEvent": [Function],
    "unmount": [Function],
  },
  Symbol(enzyme.__node__): Object {
    "instance": null,
    "key": null,
    "nodeType": "host",
    "props": Object {
      "children": Array [
        <Background
          display={false}
          onClick={[Function]}
        />,
        <Menu
          display={false}
        >
          <StyledList
            active={false}
          >
            <StyledItem
              onClick={[Function]}
            >
              hello
            </StyledItem>
          </StyledList>
        </Menu>,
        <StyledButton
          onClick={[Function]}
          type="button"
        >
          Test
        </StyledButton>,
      ],
    },
    "ref": null,
    "rendered": Array [
      Object {
        "instance": null,
        "key": null,
        "nodeType": "class",
        "props": Object {
          "display": false,
          "onClick": [Function],
        },
        "ref": null,
        "rendered": null,
        "type": [Function],
      },
      Object {
        "instance": null,
        "key": null,
        "nodeType": "class",
        "props": Object {
          "children": <StyledList
            active={false}
          >
            <StyledItem
              onClick={[Function]}
            >
              hello
            </StyledItem>
          </StyledList>,
          "display": false,
        },
        "ref": null,
        "rendered": Object {
          "instance": null,
          "key": null,
          "nodeType": "class",
          "props": Object {
            "active": false,
            "children": Array [
              <StyledItem
                onClick={[Function]}
              >
                hello
              </StyledItem>,
            ],
          },
          "ref": null,
          "rendered": Array [
            Object {
              "instance": null,
              "key": "0",
              "nodeType": "class",
              "props": Object {
                "children": "hello",
                "onClick": [Function],
              },
              "ref": null,
              "rendered": "hello",
              "type": [Function],
            },
          ],
          "type": [Function],
        },
        "type": [Function],
      },
      Object {
        "instance": null,
        "key": null,
        "nodeType": "class",
        "props": Object {
          "children": "Test",
          "onClick": [Function],
          "type": "button",
        },
        "ref": null,
        "rendered": "Test",
        "type": [Function],
      },
    ],
    "type": "div",
  },
  Symbol(enzyme.__nodes__): Array [
    Object {
      "instance": null,
      "key": null,
      "nodeType": "host",
      "props": Object {
        "children": Array [
          <Background
            display={false}
            onClick={[Function]}
          />,
          <Menu
            display={false}
          >
            <StyledList
              active={false}
            >
              <StyledItem
                onClick={[Function]}
              >
                hello
              </StyledItem>
            </StyledList>
          </Menu>,
          <StyledButton
            onClick={[Function]}
            type="button"
          >
            Test
          </StyledButton>,
        ],
      },
      "ref": null,
      "rendered": Array [
        Object {
          "instance": null,
          "key": null,
          "nodeType": "class",
          "props": Object {
            "display": false,
            "onClick": [Function],
          },
          "ref": null,
          "rendered": null,
          "type": [Function],
        },
        Object {
          "instance": null,
          "key": null,
          "nodeType": "class",
          "props": Object {
            "children": <StyledList
              active={false}
            >
              <StyledItem
                onClick={[Function]}
              >
                hello
              </StyledItem>
            </StyledList>,
            "display": false,
          },
          "ref": null,
          "rendered": Object {
            "instance": null,
            "key": null,
            "nodeType": "class",
            "props": Object {
              "active": false,
              "children": Array [
                <StyledItem
                  onClick={[Function]}
                >
                  hello
                </StyledItem>,
              ],
            },
            "ref": null,
            "rendered": Array [
              Object {
                "instance": null,
                "key": "0",
                "nodeType": "class",
                "props": Object {
                  "children": "hello",
                  "onClick": [Function],
                },
                "ref": null,
                "rendered": "hello",
                "type": [Function],
              },
            ],
            "type": [Function],
          },
          "type": [Function],
        },
        Object {
          "instance": null,
          "key": null,
          "nodeType": "class",
          "props": Object {
            "children": "Test",
            "onClick": [Function],
            "type": "button",
          },
          "ref": null,
          "rendered": "Test",
          "type": [Function],
        },
      ],
      "type": "div",
    },
  ],
  Symbol(enzyme.__options__): Object {
    "adapter": ReactSixteenAdapter {
      "options": Object {
        "enableComponentDidUpdateOnSetState": true,
      },
    },
    "disableLifecycleMethods": true,
  },
}
`;
